#-----------------------------------------------------------
# Webtalk v2018.2 (64-bit)
# SW Build 2258646 on Thu Jun 14 20:03:12 MDT 2018
# IP Build 2256618 on Thu Jun 14 22:10:49 MDT 2018
# Start of session at: Tue Dec 28 01:27:34 2021
# Process ID: 10448
# Current directory: C:/Users/vamsi/Desktop/MiniProject_Assignments/FPGA/UART_RX/UART_RX.sim/sim_1/behav/xsim
# Command line: wbtcv.exe -mode batch -source C:/Users/vamsi/Desktop/MiniProject_Assignments/FPGA/UART_RX/UART_RX.sim/sim_1/behav/xsim/xsim.dir/tb_uart_rx_behav/webtalk/xsim_webtalk.tcl -notrace
# Log file: C:/Users/vamsi/Desktop/MiniProject_Assignments/FPGA/UART_RX/UART_RX.sim/sim_1/behav/xsim/webtalk.log
# Journal file: C:/Users/vamsi/Desktop/MiniProject_Assignments/FPGA/UART_RX/UART_RX.sim/sim_1/behav/xsim\webtalk.jou
#-----------------------------------------------------------
source C:/Users/vamsi/Desktop/MiniProject_Assignments/FPGA/UART_RX/UART_RX.sim/sim_1/behav/xsim/xsim.dir/tb_uart_rx_behav/webtalk/xsim_webtalk.tcl -notrace
